PB start 2026-09-26T01:18:36Z image=a2a-hub:v1.11.0 expect=645a6f248d82 runner=ssh -o BatchMode=yes -o ConnectTimeout=10 melvenac@tcm
image a2a-hub:v1.11.0 = sha256:645a6f248d82e677725905a0f445bea0df769f738527c1c8ec0c63cb8c4a79fc
PASS PB0: id matches Rivet's (645a6f248d82)
PB1 config: ["node","dist/src/index.js"]|["docker-entrypoint.sh"]|{"4000/tcp":{}}|/app
PASS PB1: Cmd ["node","dist/src/index.js"], ExposedPorts {"4000/tcp":{}}, WorkingDir /app, Entrypoint ["docker-entrypoint.sh"]
PB2 listing (rc 0):
dist
---
---
assets
index.html
---
client
convex
dist
node_modules
package-lock.json
package.json
---
---
END
PASS PB2: /app/client = [dist]; node_modules/src under it: none; dist = [assets index.html]
PASS PB2.app: /app = [client convex dist node_modules package-lock.json package.json]
PASS PB2.no-env: no .env* under /app outside node_modules
PASS PB2.no-container-left: docker ps -a --filter ancestor=<id>: 0 rows
detector positive: containers from a2a-hub:prev seen by the same filter: 1 (expect >= 1)
K selftest: SELFTEST PASS (exit 0)
docker save streamed: exit 0, 261095424 bytes
PASS PB3.image-save: 1 files, 22775 tar members, 125 gzip opened, 0 opaque, 261095424 bytes, hits 0
PASS PB3: 0 hits, no opaque layer
PASS PB3.cleanup-local: save.tar and K scratch gone
PASS PB3.cleanup-tcm: no QA-named file in ~ or /tmp on tcm (59 lines read)
PB OVERALL: PASS

[exited with code 0]
