PASS P13.reg: register aaron (human) :: {"status":200}
PASS P13.reg: register qa-owner2 (human) :: {"status":200}
PASS P13.reg: register qa-a1 :: {"status":200}
PASS P13.reg: register qa-a2 :: {"status":200}
PASS P13.reg: register qa-a3 :: {"status":200}
PASS P13.reg: register qa-b1 :: {"status":200}
PASS P13.reg: register qa-b2 :: {"status":200}
PASS P13.setOwner: setOwner qa-b1 -> qa-owner2 :: {"updated":1}
PASS P13.setOwner: setOwner qa-b2 -> qa-owner2 :: {"updated":1}
PASS P13.owners: owners read back :: {"aaron":"aaron","qa-owner2":"qa-owner2","qa-a1":"aaron","qa-a2":"aaron","qa-a3":"aaron","qa-b1":"qa-owner2","qa-b2":"qa-owner2"}
FAIL P13.rooms: rooms created; FAKE is a messages id :: {"Ain":"k57f0sah7zmm5k3957mh1q1kkd8f2eb8","Aag":"k579f4t57e7nkkkjfzfd024z358f3sy1","B":"k577sdjw95stctqthedeb3q9w58f3qgn"}
PASS A1 strict: from != caller in own room: 403 "from is not the caller", one [authz] REJECT /^from=qa-a2$/ :: {"status":403,"body":{"error":"from is not the caller"},"lines":[{"ok":true,"mode":"REJECT","what":"from=qa-a2","method":"POST","route":"/a2a/session/:sessionId/message","caller":"qa-a1","warnTail":false,"bad32":false}]}
PASS A1 self: as itself: 200, no [authz] line :: {"status":200,"lines":0}
FAIL B1 A1: warn = c4d2d1c's answer; one WOULD REJECT /^from=qa-a2$/ :: {"new":[200,"{\"messageId\":\"jh72q0m4pd4etqx60w62brzsc58f3dnz\",\"ok\":true,\"turn\":3}"],"old":[200,"{\"messageId\":\"jh75pecmxx51d4erjn2fykvrfd8f27bf\",\"ok\":true,\"turn\":4}"],"lines":[{"ok":true,"mode":"WOULD REJECT","what":"from=qa-a2","method":"POST","route":"/a2a/session/:sessionId/message","caller":"qa-a1","warnTail":true,"bad32":false}]}
PASS A2 strict: non-participant posts (qa-b1 into A-in): 404 "session not found", one [authz] REJECT /^non-member session=\S{8}…$/ :: {"status":404,"body":{"error":"session not found"},"lines":[{"ok":true,"mode":"REJECT","what":"non-member session=k57f0sah…","method":"POST","route":"/a2a/session/:sessionId/message","caller":"qa-b1","warnTail":false,"bad32":false}]}
PASS A2 oracle: forbidden and nonexistent are byte-identical in strict :: {"forbidden":[404,"{\"error\":\"session not found\"}"],"absent":[404,"{\"error\":\"session not found\"}"]}
PASS A2 self: as itself: 200, no [authz] line :: {"status":200,"lines":0}
FAIL B1 A2: warn = c4d2d1c's answer; one WOULD REJECT /^non-member session=\S{8}…$/ :: {"new":[200,"{\"messageId\":\"jh7cxzqkgd3fezkg9tth4s09xs8f202c\",\"ok\":true,\"turn\":5}"],"old":[200,"{\"messageId\":\"jh79zxjseqepr184ev32x2syd58f2x5y\",\"ok\":true,\"turn\":6}"],"lines":[{"ok":true,"mode":"WOULD REJECT","what":"non-member session=k57f0sah…","method":"POST","route":"/a2a/session/:sessionId/message","caller":"qa-b1","warnTail":true,"bad32":false}]}
PASS A3a strict: non-participant reads (qa-b1 on A-in): 404 "session not found", one [authz] REJECT /^non-member session=/ :: {"status":404,"body":{"error":"session not found"},"lines":[{"ok":true,"mode":"REJECT","what":"non-member session=k57f0sah…","method":"GET","route":"/a2a/session/:sessionId/messages","caller":"qa-b1","warnTail":false,"bad32":false}]}
PASS A3a oracle: forbidden and nonexistent are byte-identical in strict :: {"forbidden":[404,"{\"error\":\"session not found\"}"],"absent":[404,"{\"error\":\"session not found\"}"]}
PASS A3a self: as itself: 200, no [authz] line :: {"status":200,"lines":0}
PASS B1 A3a: warn = c4d2d1c's answer; one WOULD REJECT /^non-member session=/ :: {"new":[200,"{\"messages\":[{\"content\":\"A-in seed\",\"createdAt\":1790317059973,\"from\":\"qa-a1\",\"fromType\":\"a"],"old":[200,"{\"messages\":[{\"content\":\"A-in seed\",\"createdAt\":1790317059973,\"from\":\"qa-a1\",\"fromType\":\"a"],"lines":[{"ok":true,"mode":"WOULD REJECT","what":"non-member session=k57f0sah…","method":"GET","route":"/a2a/session/:sessionId/messages","caller":"qa-b1","warnTail":true,"bad32":false}]}
PASS A3b strict: same-owner non-participant reads (qa-a3 on A-agents): 404 "session not found", one [authz] REJECT /^non-member session=/ :: {"status":404,"body":{"error":"session not found"},"lines":[{"ok":true,"mode":"REJECT","what":"non-member session=k579f4t5…","method":"GET","route":"/a2a/session/:sessionId/messages","caller":"qa-a3","warnTail":false,"bad32":false}]}
PASS A3b oracle: forbidden and nonexistent are byte-identical in strict :: {"forbidden":[404,"{\"error\":\"session not found\"}"],"absent":[404,"{\"error\":\"session not found\"}"]}
PASS A3b self: as itself: 200, no [authz] line :: {"status":200,"lines":0}
PASS B1 A3b: warn = c4d2d1c's answer; one WOULD REJECT /^non-member session=/ :: {"new":[200,"{\"messages\":[{\"content\":\"A-agents seed\",\"createdAt\":1790317060143,\"from\":\"qa-a1\",\"fromType"],"old":[200,"{\"messages\":[{\"content\":\"A-agents seed\",\"createdAt\":1790317060143,\"from\":\"qa-a1\",\"fromType"],"lines":[{"ok":true,"mode":"WOULD REJECT","what":"non-member session=k579f4t5…","method":"GET","route":"/a2a/session/:sessionId/messages","caller":"qa-a3","warnTail":true,"bad32":false}]}
PASS A3c strict: malformed id, strict (Q2): 404 "session not found", one [authz] REJECT undefined :: {"status":404,"body":{"error":"session not found"},"lines":[]}
PASS A4 strict: non-participant reads receipts: 404 "session not found", one [authz] REJECT /^non-member session=/ :: {"status":404,"body":{"error":"session not found"},"lines":[{"ok":true,"mode":"REJECT","what":"non-member session=k57f0sah…","method":"GET","route":"/a2a/session/:sessionId/reads","caller":"qa-b1","warnTail":false,"bad32":false}]}
PASS A4 oracle: forbidden and nonexistent are byte-identical in strict :: {"forbidden":[404,"{\"error\":\"session not found\"}"],"absent":[404,"{\"error\":\"session not found\"}"]}
PASS A4 self: as itself: 200, no [authz] line :: {"status":200,"lines":0}
PASS B1 A4: warn = c4d2d1c's answer; one WOULD REJECT /^non-member session=/ :: {"new":[200,"{\"participants\":[{\"lastRead\":null,\"name\":\"aaron\",\"unread\":[{\"from\":\"qa-a1\",\"sentAt\":179031"],"old":[200,"{\"participants\":[{\"lastRead\":null,\"name\":\"aaron\",\"unread\":[{\"from\":\"qa-a1\",\"sentAt\":179031"],"lines":[{"ok":true,"mode":"WOULD REJECT","what":"non-member session=k57f0sah…","method":"GET","route":"/a2a/session/:sessionId/reads","caller":"qa-b1","warnTail":true,"bad32":false}]}
PASS A5a strict: rename by non-participant: 404 "session not found", one [authz] REJECT /^non-member session=/ :: {"status":404,"body":{"error":"session not found"},"lines":[{"ok":true,"mode":"REJECT","what":"non-member session=k57f0sah…","method":"POST","route":"/a2a/session/:sessionId/rename","caller":"qa-b1","warnTail":false,"bad32":false}]}
PASS A5a oracle: forbidden and nonexistent are byte-identical in strict :: {"forbidden":[404,"{\"error\":\"session not found\"}"],"absent":[404,"{\"error\":\"session not found\"}"]}
PASS A5a self: as itself: 200, no [authz] line :: {"status":200,"lines":0}
PASS B1 A5a: warn = c4d2d1c's answer; one WOULD REJECT /^non-member session=/ :: {"new":[200,"{\"ok\":true}"],"old":[200,"{\"ok\":true}"],"lines":[{"ok":true,"mode":"WOULD REJECT","what":"non-member session=k57f0sah…","method":"POST","route":"/a2a/session/:sessionId/rename","caller":"qa-b1","warnTail":true,"bad32":false}]}
PASS A5b strict: extend by non-participant: 404 "session not found", one [authz] REJECT /^non-member session=/ :: {"status":404,"body":{"error":"session not found"},"lines":[{"ok":true,"mode":"REJECT","what":"non-member session=k57f0sah…","method":"POST","route":"/a2a/session/:sessionId/extend","caller":"qa-b1","warnTail":false,"bad32":false}]}
PASS A5b oracle: forbidden and nonexistent are byte-identical in strict :: {"forbidden":[404,"{\"error\":\"session not found\"}"],"absent":[404,"{\"error\":\"session not found\"}"]}
PASS A5b self: as itself: 200, no [authz] line :: {"status":200,"lines":0}
FAIL B1 A5b: warn = c4d2d1c's answer; one WOULD REJECT /^non-member session=/ :: {"new":[200,"{\"maxTurns\":41,\"ok\":true}"],"old":[200,"{\"maxTurns\":42,\"ok\":true}"],"lines":[{"ok":true,"mode":"WOULD REJECT","what":"non-member session=k57f0sah…","method":"POST","route":"/a2a/session/:sessionId/extend","caller":"qa-b1","warnTail":true,"bad32":false}]}
PASS A5c strict: rename by aaron on A-agents (owner view is read-only): 404 "session not found", one [authz] REJECT /^non-member session=/ :: {"status":404,"body":{"error":"session not found"},"lines":[{"ok":true,"mode":"REJECT","what":"non-member session=k579f4t5…","method":"POST","route":"/a2a/session/:sessionId/rename","caller":"aaron","warnTail":false,"bad32":false}]}
PASS A5c self: as itself: 200, no [authz] line :: {"status":200,"lines":0}
PASS B1 A5c: warn = c4d2d1c's answer; one WOULD REJECT /^non-member session=/ :: {"new":[200,"{\"ok\":true}"],"old":[200,"{\"ok\":true}"],"lines":[{"ok":true,"mode":"WOULD REJECT","what":"non-member session=k579f4t5…","method":"POST","route":"/a2a/session/:sessionId/rename","caller":"aaron","warnTail":true,"bad32":false}]}
PASS A5d strict: extend by aaron on A-agents: 404 "session not found", one [authz] REJECT /^non-member session=/ :: {"status":404,"body":{"error":"session not found"},"lines":[{"ok":true,"mode":"REJECT","what":"non-member session=k579f4t5…","method":"POST","route":"/a2a/session/:sessionId/extend","caller":"aaron","warnTail":false,"bad32":false}]}
PASS A5d self: as itself: 200, no [authz] line :: {"status":200,"lines":0}
FAIL B1 A5d: warn = c4d2d1c's answer; one WOULD REJECT /^non-member session=/ :: {"new":[200,"{\"maxTurns\":41,\"ok\":true}"],"old":[200,"{\"maxTurns\":42,\"ok\":true}"],"lines":[{"ok":true,"mode":"WOULD REJECT","what":"non-member session=k579f4t5…","method":"POST","route":"/a2a/session/:sessionId/extend","caller":"aaron","warnTail":true,"bad32":false}]}
PASS A5e strict: post by aaron on A-agents (owner view is read-only, Q1): 404 "session not found", one [authz] REJECT /^non-member session=/ :: {"status":404,"body":{"error":"session not found"},"lines":[{"ok":true,"mode":"REJECT","what":"non-member session=k579f4t5…","method":"POST","route":"/a2a/session/:sessionId/message","caller":"aaron","warnTail":false,"bad32":false}]}
PASS A5e self: as itself: 200, no [authz] line :: {"status":200,"lines":0}
FAIL B1 A5e: warn = c4d2d1c's answer; one WOULD REJECT /^non-member session=/ :: {"new":[200,"{\"messageId\":\"jh74ptm33fp8kj503kgr6gx9398f3pak\",\"ok\":true,\"turn\":2}"],"old":[200,"{\"messageId\":\"jh74hd43kb2t8mvf4sbp294qfx8f2zr0\",\"ok\":true,\"turn\":3}"],"lines":[{"ok":true,"mode":"WOULD REJECT","what":"non-member session=k579f4t5…","method":"POST","route":"/a2a/session/:sessionId/message","caller":"aaron","warnTail":true,"bad32":false}]}
PASS A6a strict: read with reader != caller: 403 "reader is not the caller", one [authz] REJECT /^reader=qa-a2$/ :: {"status":403,"body":{"error":"reader is not the caller"},"lines":[{"ok":true,"mode":"REJECT","what":"reader=qa-a2","method":"POST","route":"/a2a/session/:sessionId/read","caller":"qa-a1","warnTail":false,"bad32":false}]}
PASS B1 A6a: warn = c4d2d1c's answer; one WOULD REJECT /^reader=qa-a2$/ :: {"new":[400,"{\"error\":\"throughTurn must be a positive integer\"}"],"old":[400,"{\"error\":\"throughTurn must be a positive integer\"}"],"lines":[{"ok":true,"mode":"WOULD REJECT","what":"reader=qa-a2","method":"POST","route":"/a2a/session/:sessionId/read","caller":"qa-a1","warnTail":true,"bad32":false}]}
PASS A8 strict: peer sessions of another name: 403 "peerName is not the caller", one [authz] REJECT /^peerName=qa-a2$/ :: {"status":403,"body":{"error":"peerName is not the caller"},"lines":[{"ok":true,"mode":"REJECT","what":"peerName=qa-a2","method":"GET","route":"/a2a/peer/:peerName/sessions","caller":"qa-a1","warnTail":false,"bad32":false}]}
PASS A8 self: as itself: 200, no [authz] line :: {"status":200,"lines":0}
PASS B1 A8: warn = c4d2d1c's answer; one WOULD REJECT /^peerName=qa-a2$/ :: {"new":[200,"{\"sessions\":[{\"_creationTime\":1790317060051.089,\"_id\":\"k579f4t57e7nkkkjfzfd024z358f3sy1\",\""],"old":[200,"{\"sessions\":[{\"_creationTime\":1790317060051.089,\"_id\":\"k579f4t57e7nkkkjfzfd024z358f3sy1\",\""],"lines":[{"ok":true,"mode":"WOULD REJECT","what":"peerName=qa-a2","method":"GET","route":"/a2a/peer/:peerName/sessions","caller":"qa-a1","warnTail":true,"bad32":false}]}
PASS A9 strict: queue of another name: 403 "agentId is not the caller", one [authz] REJECT /^agentId=qa-a2$/ :: {"status":403,"body":{"error":"agentId is not the caller"},"lines":[{"ok":true,"mode":"REJECT","what":"agentId=qa-a2","method":"GET","route":"/a2a/queue/:agentId","caller":"qa-a1","warnTail":false,"bad32":false}]}
PASS A9 self: as itself: 200, no [authz] line :: {"status":200,"lines":0}
PASS B1 A9: warn = c4d2d1c's answer; one WOULD REJECT /^agentId=qa-a2$/ :: {"new":[200,"{\"tasks\":[]}"],"old":[200,"{\"tasks\":[]}"],"lines":[{"ok":true,"mode":"WOULD REJECT","what":"agentId=qa-a2","method":"GET","route":"/a2a/queue/:agentId","caller":"qa-a1","warnTail":true,"bad32":false}]}
PASS A13a strict: create without the caller: 403 "participants must include the caller", one [authz] REJECT /^create-without-caller$/ :: {"status":403,"body":{"error":"participants must include the caller"},"lines":[{"ok":true,"mode":"REJECT","what":"create-without-caller","method":"POST","route":"/a2a/session","caller":"qa-a1","warnTail":false,"bad32":false}]}
PASS A13a self: as itself: 200, no [authz] line :: {"status":200,"lines":0}
PASS B1 A13a: warn = c4d2d1c's answer; one WOULD REJECT /^create-without-caller$/ :: {"new":[200,"{\"ok\":true,\"sessionId\":\"k574mgym83tdvn7x6p4p90hx3x8f2tww\"}"],"old":[200,"{\"ok\":true,\"sessionId\":\"k57f7qnms64cqzn297s72p5ke98f34px\"}"],"lines":[{"ok":true,"mode":"WOULD REJECT","what":"create-without-caller","method":"POST","route":"/a2a/session","caller":"qa-a1","warnTail":true,"bad32":false}]}
PASS A13b strict: create with another owner's agent (O2): 403, one [authz] REJECT /^cross-owner participant=qa-b1$/ :: {"status":403,"body":{"error":"cross-owner participant=qa-b1"},"lines":[{"ok":true,"mode":"REJECT","what":"cross-owner participant=qa-b1","method":"POST","route":"/a2a/session","caller":"qa-a1","warnTail":false,"bad32":false}]}
PASS B1 A13b: warn = c4d2d1c's answer; one WOULD REJECT /^cross-owner participant=qa-b1$/ :: {"new":[200,"{\"ok\":true,\"sessionId\":\"k57bgjsct3madkqt1j0twwvmen8f254z\"}"],"old":[200,"{\"ok\":true,\"sessionId\":\"k578dyzrq81k4bpm0bvczj6ych8f2rtj\"}"],"lines":[{"ok":true,"mode":"WOULD REJECT","what":"cross-owner participant=qa-b1","method":"POST","route":"/a2a/session","caller":"qa-a1","warnTail":true,"bad32":false}]}
PASS A6b strict: non-member reader: same code and text as c4d2d1c; logged as [authz] :: {"new":[400,"{\"error\":\"throughTurn must be a positive integer\"}"],"old":[400,"{\"error\":\"throughTurn must be a positive integer\"}"],"lines":[{"ok":true,"mode":"REJECT","what":"non-member session=k57f0sah…","method":"POST","route":"/a2a/session/:sessionId/read","caller":"qa-b1","warnTail":false,"bad32":false}]}
PASS A6b oracle (info): markRead: non-member vs nonexistent (unchanged behaviour; recorded) :: {"nonMember":[400,"{\"error\":\"throughTurn must be a positive integer\"}"],"absent":[400,"{\"error\":\"not a session id\"}"]}
PASS A10 strict: heartbeat for another name: 403; target lastSeen unmoved; one REJECT :: {"status":403,"moved":false,"lines":[{"ok":true,"mode":"REJECT","what":"agentId=qa-a2","method":"POST","route":"/a2a/heartbeat/:agentId","caller":"qa-a1","warnTail":false,"bad32":false}]}
PASS A10 self: own heartbeat 200 :: {"status":200}
PASS B1 A10: warn heartbeat for another = old's answer; one WOULD REJECT :: {"new":200,"old":200,"lines":[{"ok":true,"mode":"WOULD REJECT","what":"agentId=qa-a2","method":"POST","route":"/a2a/heartbeat/:agentId","caller":"qa-a1","warnTail":true,"bad32":false}]}
FAIL A7/E strict: a1:[A-agents,A-in] a3:[] b1:[B-room] aaron:[A-agents,A-in] owner2:[B-room] :: {"a1":["A-in"],"a3":[],"b1":["B-room"],"aaron":["A-in"],"owner2":["B-room"]}
FAIL A7/E warn: a1:[A-agents,A-in] a3:[] b1:[B-room] aaron:[A-agents,A-in] owner2:[B-room] :: {"a1":["A-in"],"a3":[],"b1":["B-room"],"aaron":["A-in"],"owner2":["B-room"]}
PASS E1-E3 strict: aaron reads A-agents 200 and B 404; owner2 reads B 200, A and A-agents 404; qa-a3 404 :: {"aaronAg":200,"aaronB":404,"owner2B":200,"owner2A":404,"owner2Ag":404,"a3Ag":404}
PASS E1 reads: owner view reads receipts of his agents' rooms :: {"aaronAg":200,"owner2B":200}
PASS E3: a self-declared human owns itself and sees nothing of A's or B's :: {"reg":200,"list":[],"ag":404,"b":404,"owner":"qa-h9"}
PASS E6: body owner (top level and in agentCard) ignored: owner = HUB_OWNER (aaron) :: {"reg":200,"owner":"aaron"}
PASS A14 strict: A's key sees only A's agents; B's only B's :: {"a1":["qa-a1","qa-a2","qa-a3"],"b1":["qa-b1","qa-b2"],"aaron":["qa-a1","qa-a2","qa-a3"]}
PASS A14 warn: A's key sees only A's agents; B's only B's :: {"a1":["qa-a1","qa-a2","qa-a3"],"b1":["qa-b1","qa-b2"],"aaron":["qa-a1","qa-a2","qa-a3"]}
PASS A18: unknown key in strict on GET /a2a/sessions: 403, no [authz] line :: {"status":403,"lines":0}
PASS B2: unknown key in warn on GET /a2a/sessions: old's answer + caller=unknown line(s) :: {"same":true,"status":200,"lines":[{"ok":true,"mode":"WOULD REJECT","what":"unknown-caller","method":"GET","route":"/a2a/sessions","caller":"unknown","warnTail":true,"bad32":false}]}
PASS A18: unknown key in strict on GET /a2a/agents/live: 403, no [authz] line :: {"status":403,"lines":0}
PASS B2: unknown key in warn on GET /a2a/agents/live: old's answer + caller=unknown line(s) :: {"same":true,"status":200,"lines":[{"ok":true,"mode":"WOULD REJECT","what":"unknown-caller","method":"GET","route":"/a2a/agents/live","caller":"unknown","warnTail":true,"bad32":false}]}
PASS A18: unknown key in strict on GET /a2a/session/:id/messages: 403, no [authz] line :: {"status":403,"lines":0}
PASS B2: unknown key in warn on GET /a2a/session/:id/messages: old's answer + caller=unknown line(s) :: {"same":true,"status":200,"lines":[{"ok":true,"mode":"WOULD REJECT","what":"non-member session=k57f0sah…","method":"GET","route":"/a2a/session/:sessionId/messages","caller":"unknown","warnTail":true,"bad32":false}]}
PASS A18: unknown key in strict on GET /a2a/queue/qa-a1: 403, no [authz] line :: {"status":403,"lines":0}
PASS B2: unknown key in warn on GET /a2a/queue/qa-a1: old's answer + caller=unknown line(s) :: {"same":true,"status":200,"lines":[{"ok":true,"mode":"WOULD REJECT","what":"agentId=qa-a1","method":"GET","route":"/a2a/queue/:agentId","caller":"unknown","warnTail":true,"bad32":false}]}
PASS A18: unknown key in strict on POST /a2a/session/:id/message: 403, no [authz] line :: {"status":403,"lines":0}
FAIL B2: unknown key in warn on POST /a2a/session/:id/message: old's answer + caller=unknown line(s) :: {"same":false,"status":200,"lines":[{"ok":true,"mode":"WOULD REJECT","what":"from=qa-a1","method":"POST","route":"/a2a/session/:sessionId/message","caller":"unknown","warnTail":true,"bad32":false},{"ok":true,"mode":"WOULD REJECT","what":"non-member session=k57f0sah…","method":"POST","route":"/a2a/session/:sessionId/message","caller":"unknown","warnTail":true,"bad32":false}]}

84 checks, 75 pass, 9 fail
